22:54:32: [INFO] [/Users/arushhanda/Desktop/warg-bootcamp-task-autonomy/autonomy-bootcamp-2025-p2/modules/telemetry/telemetry_worker.py | telemetry_worker | 44] Logger initialized
22:54:32: [INFO] [/Users/arushhanda/Desktop/warg-bootcamp-task-autonomy/autonomy-bootcamp-2025-p2/modules/telemetry/telemetry.py | run | 152] Received telemetry: {
            time_since_boot: 0,
            x: 0.0,
            y: 0.0,
            z: 0.0,
            x_velocity: 1.0,
            y_velocity: 0.0,
            z_velocity: 0.0,
            roll: 0.0,
            pitch: 0.0,
            yaw: 0.0,
            roll_speed: 0.0,
            pitch_speed: 0.0,
            yaw_speed: 3.1415927410125732
        }
22:54:33: [INFO] [/Users/arushhanda/Desktop/warg-bootcamp-task-autonomy/autonomy-bootcamp-2025-p2/modules/telemetry/telemetry.py | run | 152] Received telemetry: {
            time_since_boot: 500,
            x: 0.5,
            y: 0.0,
            z: 0.0,
            x_velocity: 1.0,
            y_velocity: 0.0,
            z_velocity: 0.0,
            roll: 0.0,
            pitch: 0.0,
            yaw: 1.0471975803375244,
            roll_speed: 0.0,
            pitch_speed: 0.0,
            yaw_speed: 3.1415927410125732
        }
22:54:33: [INFO] [/Users/arushhanda/Desktop/warg-bootcamp-task-autonomy/autonomy-bootcamp-2025-p2/modules/telemetry/telemetry.py | run | 152] Received telemetry: {
            time_since_boot: 1000,
            x: 1.0,
            y: 0.0,
            z: 0.0,
            x_velocity: 1.0,
            y_velocity: 0.0,
            z_velocity: 0.0,
            roll: 0.0,
            pitch: 0.0,
            yaw: 2.094395160675049,
            roll_speed: 0.0,
            pitch_speed: 0.0,
            yaw_speed: 3.1415927410125732
        }
22:54:34: [INFO] [/Users/arushhanda/Desktop/warg-bootcamp-task-autonomy/autonomy-bootcamp-2025-p2/modules/telemetry/telemetry.py | run | 152] Received telemetry: {
            time_since_boot: 1500,
            x: 1.5,
            y: 0.0,
            z: 0.0,
            x_velocity: 1.0,
            y_velocity: 0.0,
            z_velocity: 0.0,
            roll: 0.0,
            pitch: 0.0,
            yaw: -2.094395160675049,
            roll_speed: 0.0,
            pitch_speed: 0.0,
            yaw_speed: 3.1415927410125732
        }
22:54:34: [INFO] [/Users/arushhanda/Desktop/warg-bootcamp-task-autonomy/autonomy-bootcamp-2025-p2/modules/telemetry/telemetry.py | run | 152] Received telemetry: {
            time_since_boot: 2000,
            x: 2.0,
            y: 0.0,
            z: 0.0,
            x_velocity: 1.0,
            y_velocity: 0.0,
            z_velocity: 0.0,
            roll: 0.0,
            pitch: 0.0,
            yaw: -1.0471975803375244,
            roll_speed: 0.0,
            pitch_speed: 0.0,
            yaw_speed: 3.1415927410125732
        }
22:54:35: [INFO] [/Users/arushhanda/Desktop/warg-bootcamp-task-autonomy/autonomy-bootcamp-2025-p2/modules/telemetry/telemetry.py | run | 152] Received telemetry: {
            time_since_boot: 2500,
            x: 2.5,
            y: 0.0,
            z: 0.0,
            x_velocity: 1.0,
            y_velocity: 0.0,
            z_velocity: 0.0,
            roll: 0.0,
            pitch: 0.0,
            yaw: 1.0471975803375244,
            roll_speed: 0.0,
            pitch_speed: 0.0,
            yaw_speed: 3.1415927410125732
        }
22:54:35: [INFO] [/Users/arushhanda/Desktop/warg-bootcamp-task-autonomy/autonomy-bootcamp-2025-p2/modules/telemetry/telemetry.py | run | 152] Received telemetry: {
            time_since_boot: 3000,
            x: 3.0,
            y: 0.0,
            z: 0.0,
            x_velocity: 1.0,
            y_velocity: 0.0,
            z_velocity: 0.0,
            roll: 0.0,
            pitch: 0.0,
            yaw: 2.094395160675049,
            roll_speed: 0.0,
            pitch_speed: 0.0,
            yaw_speed: 3.1415927410125732
        }
22:54:36: [INFO] [/Users/arushhanda/Desktop/warg-bootcamp-task-autonomy/autonomy-bootcamp-2025-p2/modules/telemetry/telemetry.py | run | 152] Received telemetry: {
            time_since_boot: 3500,
            x: 3.5,
            y: 0.0,
            z: 0.0,
            x_velocity: 1.0,
            y_velocity: 0.0,
            z_velocity: 0.0,
            roll: 0.0,
            pitch: 0.0,
            yaw: -2.094395160675049,
            roll_speed: 0.0,
            pitch_speed: 0.0,
            yaw_speed: 3.1415927410125732
        }
22:54:36: [INFO] [/Users/arushhanda/Desktop/warg-bootcamp-task-autonomy/autonomy-bootcamp-2025-p2/modules/telemetry/telemetry.py | run | 152] Received telemetry: {
            time_since_boot: 4000,
            x: 4.0,
            y: 0.0,
            z: 0.0,
            x_velocity: 1.0,
            y_velocity: 0.0,
            z_velocity: 0.0,
            roll: 0.0,
            pitch: 0.0,
            yaw: -1.0471975803375244,
            roll_speed: 0.0,
            pitch_speed: 0.0,
            yaw_speed: 3.1415927410125732
        }
22:54:37: [INFO] [/Users/arushhanda/Desktop/warg-bootcamp-task-autonomy/autonomy-bootcamp-2025-p2/modules/telemetry/telemetry.py | run | 152] Received telemetry: {
            time_since_boot: 4500,
            x: 4.5,
            y: 0.0,
            z: 0.0,
            x_velocity: 1.0,
            y_velocity: 0.0,
            z_velocity: 0.0,
            roll: 0.0,
            pitch: 0.0,
            yaw: 1.0471975803375244,
            roll_speed: 0.0,
            pitch_speed: 0.0,
            yaw_speed: 3.1415927410125732
        }
22:54:38: [WARNING] [/Users/arushhanda/Desktop/warg-bootcamp-task-autonomy/autonomy-bootcamp-2025-p2/modules/telemetry/telemetry.py | run | 133] Did not receive LOCAL_POSITION_NED message in time
22:54:39: [WARNING] [/Users/arushhanda/Desktop/warg-bootcamp-task-autonomy/autonomy-bootcamp-2025-p2/modules/telemetry/telemetry.py | run | 133] Did not receive LOCAL_POSITION_NED message in time
22:54:40: [WARNING] [/Users/arushhanda/Desktop/warg-bootcamp-task-autonomy/autonomy-bootcamp-2025-p2/modules/telemetry/telemetry.py | run | 115] Timed out before receiving LOCAL_POSITION_NED
22:54:40: [INFO] [/Users/arushhanda/Desktop/warg-bootcamp-task-autonomy/autonomy-bootcamp-2025-p2/modules/telemetry/telemetry.py | run | 152] Received telemetry: {
            time_since_boot: 0,
            x: 0.0,
            y: 0.0,
            z: 0.0,
            x_velocity: 1.0,
            y_velocity: 0.0,
            z_velocity: 0.0,
            roll: 0.0,
            pitch: 0.0,
            yaw: 0.0,
            roll_speed: 0.0,
            pitch_speed: 0.0,
            yaw_speed: 3.1415927410125732
        }
22:54:41: [INFO] [/Users/arushhanda/Desktop/warg-bootcamp-task-autonomy/autonomy-bootcamp-2025-p2/modules/telemetry/telemetry.py | run | 152] Received telemetry: {
            time_since_boot: 666,
            x: 0.6666666865348816,
            y: 0.0,
            z: 0.0,
            x_velocity: 1.0,
            y_velocity: 0.0,
            z_velocity: 0.0,
            roll: 0.0,
            pitch: 0.0,
            yaw: 1.5707963705062866,
            roll_speed: 0.0,
            pitch_speed: 0.0,
            yaw_speed: 3.1415927410125732
        }
22:54:41: [INFO] [/Users/arushhanda/Desktop/warg-bootcamp-task-autonomy/autonomy-bootcamp-2025-p2/modules/telemetry/telemetry.py | run | 152] Received telemetry: {
            time_since_boot: 1000,
            x: 1.0,
            y: 0.0,
            z: 0.0,
            x_velocity: 1.0,
            y_velocity: 0.0,
            z_velocity: 0.0,
            roll: 0.0,
            pitch: 0.0,
            yaw: 3.1415927410125732,
            roll_speed: 0.0,
            pitch_speed: 0.0,
            yaw_speed: 3.1415927410125732
        }
22:54:42: [INFO] [/Users/arushhanda/Desktop/warg-bootcamp-task-autonomy/autonomy-bootcamp-2025-p2/modules/telemetry/telemetry.py | run | 152] Received telemetry: {
            time_since_boot: 1666,
            x: 1.6666666269302368,
            y: 0.0,
            z: 0.0,
            x_velocity: 1.0,
            y_velocity: 0.0,
            z_velocity: 0.0,
            roll: 0.0,
            pitch: 0.0,
            yaw: -1.5707963705062866,
            roll_speed: 0.0,
            pitch_speed: 0.0,
            yaw_speed: 3.1415927410125732
        }
22:54:42: [INFO] [/Users/arushhanda/Desktop/warg-bootcamp-task-autonomy/autonomy-bootcamp-2025-p2/modules/telemetry/telemetry.py | run | 152] Received telemetry: {
            time_since_boot: 2000,
            x: 2.0,
            y: 0.0,
            z: 0.0,
            x_velocity: 1.0,
            y_velocity: 0.0,
            z_velocity: 0.0,
            roll: 0.0,
            pitch: 0.0,
            yaw: 0.0,
            roll_speed: 0.0,
            pitch_speed: 0.0,
            yaw_speed: 3.1415927410125732
        }
22:54:43: [INFO] [/Users/arushhanda/Desktop/warg-bootcamp-task-autonomy/autonomy-bootcamp-2025-p2/modules/telemetry/telemetry.py | run | 152] Received telemetry: {
            time_since_boot: 2666,
            x: 2.6666667461395264,
            y: 0.0,
            z: 0.0,
            x_velocity: 1.0,
            y_velocity: 0.0,
            z_velocity: 0.0,
            roll: 0.0,
            pitch: 0.0,
            yaw: 1.5707963705062866,
            roll_speed: 0.0,
            pitch_speed: 0.0,
            yaw_speed: 3.1415927410125732
        }
22:54:43: [INFO] [/Users/arushhanda/Desktop/warg-bootcamp-task-autonomy/autonomy-bootcamp-2025-p2/modules/telemetry/telemetry.py | run | 152] Received telemetry: {
            time_since_boot: 3000,
            x: 3.0,
            y: 0.0,
            z: 0.0,
            x_velocity: 1.0,
            y_velocity: 0.0,
            z_velocity: 0.0,
            roll: 0.0,
            pitch: 0.0,
            yaw: 3.1415927410125732,
            roll_speed: 0.0,
            pitch_speed: 0.0,
            yaw_speed: 3.1415927410125732
        }
22:54:44: [INFO] [/Users/arushhanda/Desktop/warg-bootcamp-task-autonomy/autonomy-bootcamp-2025-p2/modules/telemetry/telemetry.py | run | 152] Received telemetry: {
            time_since_boot: 3666,
            x: 3.6666667461395264,
            y: 0.0,
            z: 0.0,
            x_velocity: 1.0,
            y_velocity: 0.0,
            z_velocity: 0.0,
            roll: 0.0,
            pitch: 0.0,
            yaw: -1.5707963705062866,
            roll_speed: 0.0,
            pitch_speed: 0.0,
            yaw_speed: 3.1415927410125732
        }
22:54:44: [INFO] [/Users/arushhanda/Desktop/warg-bootcamp-task-autonomy/autonomy-bootcamp-2025-p2/modules/telemetry/telemetry.py | run | 152] Received telemetry: {
            time_since_boot: 4000,
            x: 4.0,
            y: 0.0,
            z: 0.0,
            x_velocity: 1.0,
            y_velocity: 0.0,
            z_velocity: 0.0,
            roll: 0.0,
            pitch: 0.0,
            yaw: 0.0,
            roll_speed: 0.0,
            pitch_speed: 0.0,
            yaw_speed: 3.1415927410125732
        }
22:54:45: [INFO] [/Users/arushhanda/Desktop/warg-bootcamp-task-autonomy/autonomy-bootcamp-2025-p2/modules/telemetry/telemetry.py | run | 152] Received telemetry: {
            time_since_boot: 4666,
            x: 4.666666507720947,
            y: 0.0,
            z: 0.0,
            x_velocity: 1.0,
            y_velocity: 0.0,
            z_velocity: 0.0,
            roll: 0.0,
            pitch: 0.0,
            yaw: 1.5707963705062866,
            roll_speed: 0.0,
            pitch_speed: 0.0,
            yaw_speed: 3.1415927410125732
        }
22:54:46: [WARNING] [/Users/arushhanda/Desktop/warg-bootcamp-task-autonomy/autonomy-bootcamp-2025-p2/modules/telemetry/telemetry.py | run | 115] Timed out before receiving LOCAL_POSITION_NED
