16:34:49: [INFO] [/Users/arushhanda/Desktop/warg-bootcamp-task-autonomy/autonomy-bootcamp-2025-p2/modules/telemetry/telemetry_worker.py | telemetry_worker | 42] Logger initialized
16:34:49: [INFO] [/Users/arushhanda/Desktop/warg-bootcamp-task-autonomy/autonomy-bootcamp-2025-p2/modules/telemetry/telemetry.py | run | 147] Received telemetry: {
            time_since_boot: 0,
            x: 0.0,
            y: 0.0,
            z: 0.0,
            x_velocity: 1.0,
            y_velocity: 0.0,
            z_velocity: 0.0,
            roll: 0.0,
            pitch: 0.0,
            yaw: 0.0,
            roll_speed: 0.0,
            pitch_speed: 0.0,
            yaw_speed: 3.1415927410125732
        }
16:34:50: [INFO] [/Users/arushhanda/Desktop/warg-bootcamp-task-autonomy/autonomy-bootcamp-2025-p2/modules/telemetry/telemetry.py | run | 147] Received telemetry: {
            time_since_boot: 500,
            x: 0.5,
            y: 0.0,
            z: 0.0,
            x_velocity: 1.0,
            y_velocity: 0.0,
            z_velocity: 0.0,
            roll: 0.0,
            pitch: 0.0,
            yaw: 1.0471975803375244,
            roll_speed: 0.0,
            pitch_speed: 0.0,
            yaw_speed: 3.1415927410125732
        }
16:34:50: [INFO] [/Users/arushhanda/Desktop/warg-bootcamp-task-autonomy/autonomy-bootcamp-2025-p2/modules/telemetry/telemetry.py | run | 147] Received telemetry: {
            time_since_boot: 1000,
            x: 1.0,
            y: 0.0,
            z: 0.0,
            x_velocity: 1.0,
            y_velocity: 0.0,
            z_velocity: 0.0,
            roll: 0.0,
            pitch: 0.0,
            yaw: 2.094395160675049,
            roll_speed: 0.0,
            pitch_speed: 0.0,
            yaw_speed: 3.1415927410125732
        }
16:34:51: [INFO] [/Users/arushhanda/Desktop/warg-bootcamp-task-autonomy/autonomy-bootcamp-2025-p2/modules/telemetry/telemetry.py | run | 147] Received telemetry: {
            time_since_boot: 1500,
            x: 1.5,
            y: 0.0,
            z: 0.0,
            x_velocity: 1.0,
            y_velocity: 0.0,
            z_velocity: 0.0,
            roll: 0.0,
            pitch: 0.0,
            yaw: -2.094395160675049,
            roll_speed: 0.0,
            pitch_speed: 0.0,
            yaw_speed: 3.1415927410125732
        }
16:34:51: [INFO] [/Users/arushhanda/Desktop/warg-bootcamp-task-autonomy/autonomy-bootcamp-2025-p2/modules/telemetry/telemetry.py | run | 147] Received telemetry: {
            time_since_boot: 2000,
            x: 2.0,
            y: 0.0,
            z: 0.0,
            x_velocity: 1.0,
            y_velocity: 0.0,
            z_velocity: 0.0,
            roll: 0.0,
            pitch: 0.0,
            yaw: -1.0471975803375244,
            roll_speed: 0.0,
            pitch_speed: 0.0,
            yaw_speed: 3.1415927410125732
        }
16:34:52: [INFO] [/Users/arushhanda/Desktop/warg-bootcamp-task-autonomy/autonomy-bootcamp-2025-p2/modules/telemetry/telemetry.py | run | 147] Received telemetry: {
            time_since_boot: 2500,
            x: 2.5,
            y: 0.0,
            z: 0.0,
            x_velocity: 1.0,
            y_velocity: 0.0,
            z_velocity: 0.0,
            roll: 0.0,
            pitch: 0.0,
            yaw: 1.0471975803375244,
            roll_speed: 0.0,
            pitch_speed: 0.0,
            yaw_speed: 3.1415927410125732
        }
16:34:52: [INFO] [/Users/arushhanda/Desktop/warg-bootcamp-task-autonomy/autonomy-bootcamp-2025-p2/modules/telemetry/telemetry.py | run | 147] Received telemetry: {
            time_since_boot: 3000,
            x: 3.0,
            y: 0.0,
            z: 0.0,
            x_velocity: 1.0,
            y_velocity: 0.0,
            z_velocity: 0.0,
            roll: 0.0,
            pitch: 0.0,
            yaw: 2.094395160675049,
            roll_speed: 0.0,
            pitch_speed: 0.0,
            yaw_speed: 3.1415927410125732
        }
16:34:53: [INFO] [/Users/arushhanda/Desktop/warg-bootcamp-task-autonomy/autonomy-bootcamp-2025-p2/modules/telemetry/telemetry.py | run | 147] Received telemetry: {
            time_since_boot: 3500,
            x: 3.5,
            y: 0.0,
            z: 0.0,
            x_velocity: 1.0,
            y_velocity: 0.0,
            z_velocity: 0.0,
            roll: 0.0,
            pitch: 0.0,
            yaw: -2.094395160675049,
            roll_speed: 0.0,
            pitch_speed: 0.0,
            yaw_speed: 3.1415927410125732
        }
16:34:53: [INFO] [/Users/arushhanda/Desktop/warg-bootcamp-task-autonomy/autonomy-bootcamp-2025-p2/modules/telemetry/telemetry.py | run | 147] Received telemetry: {
            time_since_boot: 4000,
            x: 4.0,
            y: 0.0,
            z: 0.0,
            x_velocity: 1.0,
            y_velocity: 0.0,
            z_velocity: 0.0,
            roll: 0.0,
            pitch: 0.0,
            yaw: -1.0471975803375244,
            roll_speed: 0.0,
            pitch_speed: 0.0,
            yaw_speed: 3.1415927410125732
        }
16:34:54: [INFO] [/Users/arushhanda/Desktop/warg-bootcamp-task-autonomy/autonomy-bootcamp-2025-p2/modules/telemetry/telemetry.py | run | 147] Received telemetry: {
            time_since_boot: 4500,
            x: 4.5,
            y: 0.0,
            z: 0.0,
            x_velocity: 1.0,
            y_velocity: 0.0,
            z_velocity: 0.0,
            roll: 0.0,
            pitch: 0.0,
            yaw: 1.0471975803375244,
            roll_speed: 0.0,
            pitch_speed: 0.0,
            yaw_speed: 3.1415927410125732
        }
16:34:55: [WARNING] [/Users/arushhanda/Desktop/warg-bootcamp-task-autonomy/autonomy-bootcamp-2025-p2/modules/telemetry/telemetry.py | run | 128] Did not receive LOCAL_POSITION_NED message in time
16:34:56: [WARNING] [/Users/arushhanda/Desktop/warg-bootcamp-task-autonomy/autonomy-bootcamp-2025-p2/modules/telemetry/telemetry.py | run | 128] Did not receive LOCAL_POSITION_NED message in time
16:34:57: [WARNING] [/Users/arushhanda/Desktop/warg-bootcamp-task-autonomy/autonomy-bootcamp-2025-p2/modules/telemetry/telemetry.py | run | 110] Timed out before receiving LOCAL_POSITION_NED
16:34:57: [INFO] [/Users/arushhanda/Desktop/warg-bootcamp-task-autonomy/autonomy-bootcamp-2025-p2/modules/telemetry/telemetry.py | run | 147] Received telemetry: {
            time_since_boot: 0,
            x: 0.0,
            y: 0.0,
            z: 0.0,
            x_velocity: 1.0,
            y_velocity: 0.0,
            z_velocity: 0.0,
            roll: 0.0,
            pitch: 0.0,
            yaw: 0.0,
            roll_speed: 0.0,
            pitch_speed: 0.0,
            yaw_speed: 3.1415927410125732
        }
16:34:58: [INFO] [/Users/arushhanda/Desktop/warg-bootcamp-task-autonomy/autonomy-bootcamp-2025-p2/modules/telemetry/telemetry.py | run | 147] Received telemetry: {
            time_since_boot: 666,
            x: 0.6666666865348816,
            y: 0.0,
            z: 0.0,
            x_velocity: 1.0,
            y_velocity: 0.0,
            z_velocity: 0.0,
            roll: 0.0,
            pitch: 0.0,
            yaw: 1.5707963705062866,
            roll_speed: 0.0,
            pitch_speed: 0.0,
            yaw_speed: 3.1415927410125732
        }
16:34:58: [INFO] [/Users/arushhanda/Desktop/warg-bootcamp-task-autonomy/autonomy-bootcamp-2025-p2/modules/telemetry/telemetry.py | run | 147] Received telemetry: {
            time_since_boot: 1000,
            x: 1.0,
            y: 0.0,
            z: 0.0,
            x_velocity: 1.0,
            y_velocity: 0.0,
            z_velocity: 0.0,
            roll: 0.0,
            pitch: 0.0,
            yaw: 3.1415927410125732,
            roll_speed: 0.0,
            pitch_speed: 0.0,
            yaw_speed: 3.1415927410125732
        }
16:34:59: [INFO] [/Users/arushhanda/Desktop/warg-bootcamp-task-autonomy/autonomy-bootcamp-2025-p2/modules/telemetry/telemetry.py | run | 147] Received telemetry: {
            time_since_boot: 1666,
            x: 1.6666666269302368,
            y: 0.0,
            z: 0.0,
            x_velocity: 1.0,
            y_velocity: 0.0,
            z_velocity: 0.0,
            roll: 0.0,
            pitch: 0.0,
            yaw: -1.5707963705062866,
            roll_speed: 0.0,
            pitch_speed: 0.0,
            yaw_speed: 3.1415927410125732
        }
16:34:59: [INFO] [/Users/arushhanda/Desktop/warg-bootcamp-task-autonomy/autonomy-bootcamp-2025-p2/modules/telemetry/telemetry.py | run | 147] Received telemetry: {
            time_since_boot: 2000,
            x: 2.0,
            y: 0.0,
            z: 0.0,
            x_velocity: 1.0,
            y_velocity: 0.0,
            z_velocity: 0.0,
            roll: 0.0,
            pitch: 0.0,
            yaw: 0.0,
            roll_speed: 0.0,
            pitch_speed: 0.0,
            yaw_speed: 3.1415927410125732
        }
16:35:00: [INFO] [/Users/arushhanda/Desktop/warg-bootcamp-task-autonomy/autonomy-bootcamp-2025-p2/modules/telemetry/telemetry.py | run | 147] Received telemetry: {
            time_since_boot: 2666,
            x: 2.6666667461395264,
            y: 0.0,
            z: 0.0,
            x_velocity: 1.0,
            y_velocity: 0.0,
            z_velocity: 0.0,
            roll: 0.0,
            pitch: 0.0,
            yaw: 1.5707963705062866,
            roll_speed: 0.0,
            pitch_speed: 0.0,
            yaw_speed: 3.1415927410125732
        }
16:35:00: [INFO] [/Users/arushhanda/Desktop/warg-bootcamp-task-autonomy/autonomy-bootcamp-2025-p2/modules/telemetry/telemetry.py | run | 147] Received telemetry: {
            time_since_boot: 3000,
            x: 3.0,
            y: 0.0,
            z: 0.0,
            x_velocity: 1.0,
            y_velocity: 0.0,
            z_velocity: 0.0,
            roll: 0.0,
            pitch: 0.0,
            yaw: 3.1415927410125732,
            roll_speed: 0.0,
            pitch_speed: 0.0,
            yaw_speed: 3.1415927410125732
        }
16:35:01: [INFO] [/Users/arushhanda/Desktop/warg-bootcamp-task-autonomy/autonomy-bootcamp-2025-p2/modules/telemetry/telemetry.py | run | 147] Received telemetry: {
            time_since_boot: 3666,
            x: 3.6666667461395264,
            y: 0.0,
            z: 0.0,
            x_velocity: 1.0,
            y_velocity: 0.0,
            z_velocity: 0.0,
            roll: 0.0,
            pitch: 0.0,
            yaw: -1.5707963705062866,
            roll_speed: 0.0,
            pitch_speed: 0.0,
            yaw_speed: 3.1415927410125732
        }
16:35:01: [INFO] [/Users/arushhanda/Desktop/warg-bootcamp-task-autonomy/autonomy-bootcamp-2025-p2/modules/telemetry/telemetry.py | run | 147] Received telemetry: {
            time_since_boot: 4000,
            x: 4.0,
            y: 0.0,
            z: 0.0,
            x_velocity: 1.0,
            y_velocity: 0.0,
            z_velocity: 0.0,
            roll: 0.0,
            pitch: 0.0,
            yaw: 0.0,
            roll_speed: 0.0,
            pitch_speed: 0.0,
            yaw_speed: 3.1415927410125732
        }
16:35:02: [INFO] [/Users/arushhanda/Desktop/warg-bootcamp-task-autonomy/autonomy-bootcamp-2025-p2/modules/telemetry/telemetry.py | run | 147] Received telemetry: {
            time_since_boot: 4666,
            x: 4.666666507720947,
            y: 0.0,
            z: 0.0,
            x_velocity: 1.0,
            y_velocity: 0.0,
            z_velocity: 0.0,
            roll: 0.0,
            pitch: 0.0,
            yaw: 1.5707963705062866,
            roll_speed: 0.0,
            pitch_speed: 0.0,
            yaw_speed: 3.1415927410125732
        }
16:35:03: [WARNING] [/Users/arushhanda/Desktop/warg-bootcamp-task-autonomy/autonomy-bootcamp-2025-p2/modules/telemetry/telemetry.py | run | 110] Timed out before receiving LOCAL_POSITION_NED
